ARM Linker, 5.03 [Build 76] [MDK-ARM Standard]

==============================================================================

Section Cross References

    main.o(.text) refers to mml_gcr.o(.text) for mml_set_system_divider
    main.o(.text) refers to mml_uart.o(.text) for mml_uart_init
    main.o(.text) refers to mml_gpio.o(.text) for mml_gpio_init
    main.o(.text) refers to smartcard_api.o(.text) for SCAPI_open
    main.o(.text) refers to printf_lite.o(.text) for lite_printf
    main.o(.text) refers to rt_memclr.o(.text) for __aeabi_memclr
    main.o(.text) refers to rt_memcpy_v6.o(.text) for __aeabi_memcpy
    main.o(.text) refers to private.o(.text) for Delay
    main.o(.text) refers to main.o(.data) for ActivationParams
    main.o(.text) refers to main.o(.bss) for response0
    main.o(.text) refers to main.o(.constdata) for selectFile
    private.o(.text) refers to mml_gcr.o(.text) for mml_get_system_frequency
    startup_max3255x.o(STACK) refers (Special) to heapauxi.o(.text) for __use_two_region_memory
    startup_max3255x.o(HEAP) refers (Special) to heapauxi.o(.text) for __use_two_region_memory
    startup_max3255x.o(RESET) refers (Special) to heapauxi.o(.text) for __use_two_region_memory
    startup_max3255x.o(RESET) refers to startup_max3255x.o(.text) for System_Reset
    startup_max3255x.o(.data) refers (Special) to heapauxi.o(.text) for __use_two_region_memory
    startup_max3255x.o(.data) refers to startup_max3255x.o(STACK) for __initial_sp
    startup_max3255x.o(.data) refers to startup_max3255x.o(.text) for System_Reset
    startup_max3255x.o(.constdata) refers (Special) to heapauxi.o(.text) for __use_two_region_memory
    startup_max3255x.o(.text) refers (Special) to heapauxi.o(.text) for __use_two_region_memory
    startup_max3255x.o(.text) refers to startup_max3255x.o(STACK) for __initial_sp
    startup_max3255x.o(.text) refers to startup_max3255x.o(.data) for __Vectors
    startup_max3255x.o(.text) refers to __main.o(!!!main) for __main
    startup_max3255x.o(.text) refers to startup_max3255x.o(HEAP) for Heap_Mem
    printf_lite.o(.text) refers to mml_uart.o(.text) for mml_uart_write_char
    printf_lite.o(.text) refers to lludivv7m.o(.text) for __aeabi_uldivmod
    mml_dma.o(.text) refers to mml_intc.o(.text) for mml_intc_ack_irq
    mml_dma.o(.text) refers to rt_memclr_w.o(.text) for __aeabi_memclr4
    mml_dma.o(.text) refers to mml_dma.o(.bss) for mml_dma_context
    mml_gcr.o(.text) refers to startup_max3255x.o(.constdata) for Clock_Speed
    mml_gpio.o(.text) refers to mml_gpio.o(.bss) for gpio_context
    mml_i2c.o(.text) refers to mml_gpio.o(.text) for mml_gpio_clear_out_int_wake
    mml_i2c.o(.text) refers to mml_intc.o(.text) for mml_intc_detach_irq
    mml_i2c.o(.text) refers to mml_gcr.o(.text) for mml_get_system_frequency
    mml_i2c.o(.text) refers to mml_i2c.o(.bss) for mml_i2c_context
    mml_intc.o(.text) refers to startup_max3255x.o(.text) for handler_default_undefined_
    mml_mcr.o(.text) refers to rt_memclr.o(.text) for __aeabi_memclr
    mml_mcr.o(.text) refers to mml_mcr.o(.data) for pairing
    mml_mcr.o(.text) refers to mml_intc.o(.text) for mml_intc_setup_irq
    mml_mcr.o(.text) refers to mml_mcr.o(.bss) for raw_len
    mml_mcr.o(.text) refers to rt_memclr_w.o(.text) for __aeabi_memclr4
    mml_mcr.o(.text) refers to rt_memcpy_v6.o(.text) for __aeabi_memcpy
    mml_mcr.o(.text) refers to mml_mcr.o(.constdata) for trackpars
    mml_mcr.o(.constdata) refers to mml_mcr.o(.conststring) for .conststring
    mml_sflc.o(.text) refers to aeabi_memset.o(.text) for __aeabi_memset
    mml_sflc.o(.text) refers to rt_memcpy_v6.o(.text) for __aeabi_memcpy
    mml_sflc.o(.text) refers to mml_sflc.o(.bss) for mml_sflc_buffer
    mml_skbd.o(.text) refers to mml_intc.o(.text) for mml_intc_setup_irq
    mml_skbd.o(.text) refers to mml_skbd.o(.bss) for mml_skbd_context
    mml_spi.o(.text) refers to mml_gcr.o(.text) for mml_get_apb_frequency
    mml_spi.o(.text) refers to mml_spi.o(.bss) for spi_context
    mml_tmr.o(.text) refers to mml_intc.o(.text) for mml_intc_setup_irq
    mml_tmr.o(.text) refers to mml_tmr.o(.bss) for tmr_context
    mml_uart.o(.text) refers to mml_intc.o(.text) for mml_intc_setup_irq
    mml_uart.o(.text) refers to mml_uart.o(.bss) for uart_context
    mml_uart.o(.text) refers to startup_max3255x.o(.constdata) for Clock_Speed
    atr.o(.text) refers to iccabstract.o(i.IccSlotGetConfiguration) for IccSlotGetConfiguration
    atr.o(.text) refers to iccabstract.o(.text) for IccCheckCardState
    atr.o(.text) refers to atr.o(.constdata) for NB_BITS
    atr.o(.text) refers to pts.o(.text) for IccPTSNegotiate
    iccabstract.o(.text) refers to rt_memcpy_w.o(.text) for __aeabi_memcpy4
    iccabstract.o(.text) refers to rt_memcpy_v6.o(.text) for __aeabi_memcpy
    iccabstract.o(.text) refers to oswrapper.o(.text) for OSWrapper_RegisterUART
    iccabstract.o(.text) refers to iccabstract.o(.constdata) for SlotDefaultConfig
    iccabstract.o(.text) refers to atr.o(.constdata) for IccEMVActivationParams
    iccabstract.o(.text) refers to protocolt1.o(.text) for SendT1
    iccabstract.o(.text) refers to protocolt0.o(.text) for SendT0
    iccabstract.o(.text) refers to atr.o(.text) for GetATR
    oswrapper.o(.text) refers to mml_intc.o(.text) for mml_intc_ack_irq
    oswrapper.o(.text) refers to rt_memclr.o(.text) for __aeabi_memclr
    oswrapper.o(.text) refers to oswrapper.o(.data) for OSWrapperData
    oswrapper.o(.text) refers to oswrapper.o(.bss) for SlotData
    oswrapper.o(.data) refers to oswrapper.o(.text) for OSWrapper_SC0Handler
    protocolt0.o(.text) refers to iccabstract.o(.text) for IccGetRxLen
    protocolt0.o(.text) refers to iccabstract.o(i.IccSlotGetConfiguration) for IccSlotGetConfiguration
    protocolt0.o(.text) refers to protocolt0.o(.data) for CmdGetResponse
    protocolt0.o(.text) refers to oswrapper.o(.text) for OSWrapper_memdestroy
    protocolt0.o(.text) refers to protocolt0.o(.constdata) for GetResponseTPDU
    protocolt1.o(.text) refers to iccabstract.o(i.IccSlotGetConfiguration) for IccSlotGetConfiguration
    protocolt1.o(.text) refers to protocolt1_blockmgt.o(.text) for SendSBlock
    protocolt1.o(.text) refers to iccabstract.o(.text) for IccDeactivate
    protocolt1.o(.text) refers to iccabstract.o(.constdata) for SlotDefaultConfig
    protocolt1_blockmgt.o(.text) refers to rt_memcpy_v6.o(.text) for __aeabi_memcpy
    protocolt1_blockmgt.o(.text) refers to iccabstract.o(.text) for IccSend
    pts.o(.text) refers to iccabstract.o(i.IccSlotGetConfiguration) for IccSlotGetConfiguration
    pts.o(.text) refers to iccabstract.o(.text) for IccCheckCardState
    pts.o(.text) refers to atr.o(.constdata) for Fi
    smartcard_api.o(.text) refers to oswrapper.o(.text) for OSWrapper_getSlotCtxbyId
    smartcard_api.o(.text) refers to max325xx_uart.o(.text) for UartInit
    smartcard_api.o(.text) refers to max3255x_afe.o(.text) for AfeInit
    smartcard_api.o(.text) refers to iccabstract.o(.text) for IccCheckCardState
    smartcard_api.o(.text) refers to rt_memcpy_v6.o(.text) for __aeabi_memcpy
    smartcard_api.o(.text) refers to smartcard_api.o(.bss) for CardResponse
    smartcard_api.o(.text) refers to atr.o(.constdata) for IccEMVActivationParams
    max3255x_afe.o(.text) refers to oswrapper.o(.text) for OSWrapper_ReadReg
    max3255x_afe.o(.text) refers to mml_gpio.o(.text) for mml_gpio_write_bit_pattern
    max3255x_afe.o(.text) refers to iccabstract.o(.text) for IccWait
    max3255x_afe.o(.text) refers to max3255x_afe.o(.constdata) for MAX3255x_AfeOps
    max3255x_afe.o(.constdata) refers to max3255x_afe.o(.text) for AfeSelect
    max325xx_uart.o(.text) refers to oswrapper.o(.text) for OSWrapper_WriteReg
    max325xx_uart.o(.text) refers to iccabstract.o(.text) for IccCheckCardState
    max325xx_uart.o(.text) refers to atr.o(.constdata) for Di
    max325xx_uart.o(.text) refers to max325xx_uart.o(.constdata) for UartPhysicalAddresses
    max325xx_uart.o(.text) refers to max325xx_uart.o(.bss) for UartPrivateData
    max325xx_uart.o(.constdata) refers to max325xx_uart.o(.text) for UartOnCardStateChanged
    rt_memcpy_v6.o(.text) refers to rt_memcpy_w.o(.text) for __aeabi_memcpy4
    aeabi_memset.o(.text) refers to rt_memclr.o(.text) for _memset
    rt_memclr.o(.text) refers to rt_memclr_w.o(.text) for _memset_w
    __main.o(!!!main) refers to rtentry.o(.ARM.Collect$$rtentry$$00000000) for __rt_entry
    rtentry.o(.ARM.Collect$$rtentry$$00000000) refers (Special) to rtentry2.o(.ARM.Collect$$rtentry$$0000000A) for __rt_entry_li
    rtentry.o(.ARM.Collect$$rtentry$$00000000) refers (Special) to rtentry2.o(.ARM.Collect$$rtentry$$0000000D) for __rt_entry_main
    rtentry.o(.ARM.Collect$$rtentry$$00000000) refers (Special) to rtentry2.o(.ARM.Collect$$rtentry$$0000000C) for __rt_entry_postli_1
    rtentry.o(.ARM.Collect$$rtentry$$00000000) refers (Special) to rtentry2.o(.ARM.Collect$$rtentry$$00000009) for __rt_entry_postsh_1
    rtentry.o(.ARM.Collect$$rtentry$$00000000) refers (Special) to rtentry2.o(.ARM.Collect$$rtentry$$00000002) for __rt_entry_presh_1
    rtentry.o(.ARM.Collect$$rtentry$$00000000) refers (Special) to rtentry4.o(.ARM.Collect$$rtentry$$00000004) for __rt_entry_sh
    aeabi_ldiv0_sigfpe.o(.text) refers to rt_div0.o(.text) for __rt_div0
    rtentry2.o(.ARM.Collect$$rtentry$$00000008) refers to boardinit2.o(.text) for _platform_post_stackheap_init
    rtentry2.o(.ARM.Collect$$rtentry$$0000000A) refers to libinit.o(.ARM.Collect$$libinit$$00000000) for __rt_lib_init
    rtentry2.o(.ARM.Collect$$rtentry$$0000000B) refers to boardinit3.o(.text) for _platform_post_lib_init
    rtentry2.o(.ARM.Collect$$rtentry$$0000000D) refers to main.o(.text) for main
    rtentry2.o(.ARM.Collect$$rtentry$$0000000D) refers to exit.o(.text) for exit
    rtentry2.o(.ARM.exidx) refers to rtentry2.o(.ARM.Collect$$rtentry$$00000001) for .ARM.Collect$$rtentry$$00000001
    rtentry2.o(.ARM.exidx) refers to rtentry2.o(.ARM.Collect$$rtentry$$00000008) for .ARM.Collect$$rtentry$$00000008
    rtentry2.o(.ARM.exidx) refers to rtentry2.o(.ARM.Collect$$rtentry$$0000000A) for .ARM.Collect$$rtentry$$0000000A
    rtentry2.o(.ARM.exidx) refers to rtentry2.o(.ARM.Collect$$rtentry$$0000000B) for .ARM.Collect$$rtentry$$0000000B
    rtentry2.o(.ARM.exidx) refers to rtentry2.o(.ARM.Collect$$rtentry$$0000000D) for .ARM.Collect$$rtentry$$0000000D
    rtentry4.o(.ARM.Collect$$rtentry$$00000004) refers to sys_stackheap_outer.o(.text) for __user_setup_stackheap
    rtentry4.o(.ARM.exidx) refers to rtentry4.o(.ARM.Collect$$rtentry$$00000004) for .ARM.Collect$$rtentry$$00000004
    rt_div0.o(.text) refers to defsig_fpe_outer.o(.text) for __rt_SIGFPE
    sys_stackheap_outer.o(.text) refers to libspace.o(.text) for __user_perproc_libspace
    sys_stackheap_outer.o(.text) refers to startup_max3255x.o(.text) for __user_initial_stackheap
    exit.o(.text) refers to rtexit.o(.ARM.Collect$$rtexit$$00000000) for __rt_exit
    defsig_fpe_outer.o(.text) refers to defsig_fpe_inner.o(.text) for __rt_SIGFPE_inner
    defsig_fpe_outer.o(.text) refers to defsig_exit.o(.text) for __sig_exit
    defsig_fpe_formal.o(.text) refers to rt_raise.o(.text) for __rt_raise
    libinit.o(.ARM.Collect$$libinit$$00000000) refers (Special) to libinit2.o(.ARM.Collect$$libinit$$0000002C) for __rt_lib_init_alloca_1
    libinit.o(.ARM.Collect$$libinit$$00000000) refers (Special) to libinit2.o(.ARM.Collect$$libinit$$0000002A) for __rt_lib_init_argv_1
    libinit.o(.ARM.Collect$$libinit$$00000000) refers (Special) to libinit2.o(.ARM.Collect$$libinit$$00000019) for __rt_lib_init_atexit_1
    libinit.o(.ARM.Collect$$libinit$$00000000) refers (Special) to libinit2.o(.ARM.Collect$$libinit$$0000001F) for __rt_lib_init_clock_1
    libinit.o(.ARM.Collect$$libinit$$00000000) refers (Special) to libinit2.o(.ARM.Collect$$libinit$$00000030) for __rt_lib_init_cpp_1
    libinit.o(.ARM.Collect$$libinit$$00000000) refers (Special) to libinit2.o(.ARM.Collect$$libinit$$0000002E) for __rt_lib_init_exceptions_1
    libinit.o(.ARM.Collect$$libinit$$00000000) refers (Special) to libinit2.o(.ARM.Collect$$libinit$$00000002) for __rt_lib_init_fp_1
    libinit.o(.ARM.Collect$$libinit$$00000000) refers (Special) to libinit2.o(.ARM.Collect$$libinit$$0000001D) for __rt_lib_init_fp_trap_1
    libinit.o(.ARM.Collect$$libinit$$00000000) refers (Special) to libinit2.o(.ARM.Collect$$libinit$$00000021) for __rt_lib_init_getenv_1
    libinit.o(.ARM.Collect$$libinit$$00000000) refers (Special) to libinit2.o(.ARM.Collect$$libinit$$00000008) for __rt_lib_init_heap_1
    libinit.o(.ARM.Collect$$libinit$$00000000) refers (Special) to libinit2.o(.ARM.Collect$$libinit$$0000000F) for __rt_lib_init_lc_collate_1
    libinit.o(.ARM.Collect$$libinit$$00000000) refers (Special) to libinit2.o(.ARM.Collect$$libinit$$00000011) for __rt_lib_init_lc_ctype_1
    libinit.o(.ARM.Collect$$libinit$$00000000) refers (Special) to libinit2.o(.ARM.Collect$$libinit$$00000013) for __rt_lib_init_lc_monetary_1
    libinit.o(.ARM.Collect$$libinit$$00000000) refers (Special) to libinit2.o(.ARM.Collect$$libinit$$00000015) for __rt_lib_init_lc_numeric_1
    libinit.o(.ARM.Collect$$libinit$$00000000) refers (Special) to libinit2.o(.ARM.Collect$$libinit$$00000017) for __rt_lib_init_lc_time_1
    libinit.o(.ARM.Collect$$libinit$$00000000) refers (Special) to libinit2.o(.ARM.Collect$$libinit$$0000000C) for __rt_lib_init_rand_1
    libinit.o(.ARM.Collect$$libinit$$00000000) refers (Special) to libinit2.o(.ARM.Collect$$libinit$$00000031) for __rt_lib_init_return
    libinit.o(.ARM.Collect$$libinit$$00000000) refers (Special) to libinit2.o(.ARM.Collect$$libinit$$0000001B) for __rt_lib_init_signal_1
    libinit.o(.ARM.Collect$$libinit$$00000000) refers (Special) to libinit2.o(.ARM.Collect$$libinit$$00000023) for __rt_lib_init_stdio_1
    libinit.o(.ARM.Collect$$libinit$$00000000) refers (Special) to libinit2.o(.ARM.Collect$$libinit$$0000000A) for __rt_lib_init_user_alloc_1
    libspace.o(.text) refers to libspace.o(.bss) for __libspace_start
    rtexit.o(.ARM.Collect$$rtexit$$00000000) refers (Special) to rtexit2.o(.ARM.Collect$$rtexit$$00000004) for __rt_exit_exit
    rtexit.o(.ARM.Collect$$rtexit$$00000000) refers (Special) to rtexit2.o(.ARM.Collect$$rtexit$$00000003) for __rt_exit_ls
    rtexit.o(.ARM.Collect$$rtexit$$00000000) refers (Special) to rtexit2.o(.ARM.Collect$$rtexit$$00000002) for __rt_exit_prels_1
    rtexit.o(.ARM.exidx) refers (Special) to rtexit2.o(.ARM.Collect$$rtexit$$00000004) for __rt_exit_exit
    rtexit.o(.ARM.exidx) refers (Special) to rtexit2.o(.ARM.Collect$$rtexit$$00000003) for __rt_exit_ls
    rtexit.o(.ARM.exidx) refers (Special) to rtexit2.o(.ARM.Collect$$rtexit$$00000002) for __rt_exit_prels_1
    rtexit.o(.ARM.exidx) refers to rtexit.o(.ARM.Collect$$rtexit$$00000000) for .ARM.Collect$$rtexit$$00000000
    rt_raise.o(.text) refers to __raise.o(.text) for __raise
    rt_raise.o(.text) refers to sys_exit.o(.text) for _sys_exit
    defsig_exit.o(.text) refers to sys_exit.o(.text) for _sys_exit
    defsig_fpe_inner.o(.text) refers to defsig_general.o(.text) for __default_signal_display
    libinit2.o(.ARM.Collect$$libinit$$0000000E) refers to libinit2.o(.ARM.Collect$$libinit$$0000000D) for .ARM.Collect$$libinit$$0000000D
    libinit2.o(.ARM.Collect$$libinit$$00000010) refers to libinit2.o(.ARM.Collect$$libinit$$0000000D) for .ARM.Collect$$libinit$$0000000D
    libinit2.o(.ARM.Collect$$libinit$$00000012) refers to libinit2.o(.ARM.Collect$$libinit$$0000000D) for .ARM.Collect$$libinit$$0000000D
    libinit2.o(.ARM.Collect$$libinit$$00000014) refers to libinit2.o(.ARM.Collect$$libinit$$0000000D) for .ARM.Collect$$libinit$$0000000D
    libinit2.o(.ARM.Collect$$libinit$$00000016) refers to libinit2.o(.ARM.Collect$$libinit$$0000000D) for .ARM.Collect$$libinit$$0000000D
    libinit2.o(.ARM.Collect$$libinit$$00000024) refers to argv_veneer.o(.emb_text) for __ARM_argv_veneer
    libinit2.o(.ARM.Collect$$libinit$$00000025) refers to argv_veneer.o(.emb_text) for __ARM_argv_veneer
    sys_exit.o(.text) refers (Special) to use_no_semi.o(.text) for __I$use$semihosting
    sys_exit.o(.text) refers (Special) to indicate_semi.o(.text) for __semihosting_library_function
    rtexit2.o(.ARM.Collect$$rtexit$$00000003) refers to libshutdown.o(.ARM.Collect$$libshutdown$$00000000) for __rt_lib_shutdown
    rtexit2.o(.ARM.Collect$$rtexit$$00000004) refers to sys_exit.o(.text) for _sys_exit
    rtexit2.o(.ARM.exidx) refers to rtexit2.o(.ARM.Collect$$rtexit$$00000001) for .ARM.Collect$$rtexit$$00000001
    rtexit2.o(.ARM.exidx) refers to rtexit2.o(.ARM.Collect$$rtexit$$00000003) for .ARM.Collect$$rtexit$$00000003
    rtexit2.o(.ARM.exidx) refers to rtexit2.o(.ARM.Collect$$rtexit$$00000004) for .ARM.Collect$$rtexit$$00000004
    __raise.o(.text) refers to defsig.o(CL$$defsig) for __default_signal_handler
    defsig_general.o(.text) refers to sys_wrch.o(.text) for _ttywrch
    argv_veneer.o(.emb_text) refers to no_argv.o(.text) for __ARM_get_argv
    sys_wrch.o(.text) refers (Special) to use_no_semi.o(.text) for __I$use$semihosting
    sys_wrch.o(.text) refers (Special) to indicate_semi.o(.text) for __semihosting_library_function
    defsig.o(CL$$defsig) refers to defsig_fpe_inner.o(.text) for __rt_SIGFPE_inner
    defsig.o(CL$$defsig) refers to defsig_rtmem_inner.o(.text) for __rt_SIGRTMEM_inner
    _get_argv_nomalloc.o(.text) refers (Special) to hrguard.o(.text) for __heap_region$guard
    _get_argv_nomalloc.o(.text) refers to defsig_rtmem_outer.o(.text) for __rt_SIGRTMEM
    _get_argv_nomalloc.o(.text) refers to sys_command.o(.text) for _sys_command_string
    libshutdown.o(.ARM.Collect$$libshutdown$$00000000) refers (Special) to libshutdown2.o(.ARM.Collect$$libshutdown$$00000006) for __rt_lib_shutdown_fp_trap_1
    libshutdown.o(.ARM.Collect$$libshutdown$$00000000) refers (Special) to libshutdown2.o(.ARM.Collect$$libshutdown$$0000000E) for __rt_lib_shutdown_heap_1
    libshutdown.o(.ARM.Collect$$libshutdown$$00000000) refers (Special) to libshutdown2.o(.ARM.Collect$$libshutdown$$0000000F) for __rt_lib_shutdown_return
    libshutdown.o(.ARM.Collect$$libshutdown$$00000000) refers (Special) to libshutdown2.o(.ARM.Collect$$libshutdown$$00000009) for __rt_lib_shutdown_signal_1
    libshutdown.o(.ARM.Collect$$libshutdown$$00000000) refers (Special) to libshutdown2.o(.ARM.Collect$$libshutdown$$00000003) for __rt_lib_shutdown_stdio_1
    libshutdown.o(.ARM.Collect$$libshutdown$$00000000) refers (Special) to libshutdown2.o(.ARM.Collect$$libshutdown$$0000000B) for __rt_lib_shutdown_user_alloc_1
    sys_command.o(.text) refers (Special) to use_no_semi.o(.text) for __I$use$semihosting
    sys_command.o(.text) refers (Special) to indicate_semi.o(.text) for __semihosting_library_function
    defsig_abrt_inner.o(.text) refers to defsig_general.o(.text) for __default_signal_display
    defsig_rtred_inner.o(.text) refers to defsig_general.o(.text) for __default_signal_display
    defsig_rtmem_inner.o(.text) refers to defsig_general.o(.text) for __default_signal_display
    defsig_rtmem_outer.o(.text) refers to defsig_rtmem_inner.o(.text) for __rt_SIGRTMEM_inner
    defsig_rtmem_outer.o(.text) refers to defsig_exit.o(.text) for __sig_exit
    defsig_rtmem_formal.o(.text) refers to rt_raise.o(.text) for __rt_raise
    defsig_stak_inner.o(.text) refers to defsig_general.o(.text) for __default_signal_display
    defsig_pvfn_inner.o(.text) refers to defsig_general.o(.text) for __default_signal_display
    defsig_cppl_inner.o(.text) refers to defsig_general.o(.text) for __default_signal_display
    defsig_segv_inner.o(.text) refers to defsig_general.o(.text) for __default_signal_display
    defsig_other.o(.text) refers to defsig_general.o(.text) for __default_signal_display
    iccabstract.o(i.IccSlotGetConfiguration) refers to oswrapper.o(.text) for OSWrapper_getSlotCtxbyId


==============================================================================

Removing Unused input sections from the image.

    Removing common.o(.text), (232 bytes).
    Removing mml_dma.o(.text), (2008 bytes).
    Removing mml_dma.o(.bss), (100 bytes).
    Removing mml_i2c.o(.text), (1064 bytes).
    Removing mml_i2c.o(.bss), (12 bytes).
    Removing mml_mcr.o(.text), (3564 bytes).
    Removing mml_mcr.o(.bss), (9240 bytes).
    Removing mml_mcr.o(.constdata), (24 bytes).
    Removing mml_mcr.o(.conststring), (162 bytes).
    Removing mml_mcr.o(.data), (12 bytes).
    Removing mml_sflc.o(.text), (1432 bytes).
    Removing mml_sflc.o(.bss), (512 bytes).
    Removing mml_skbd.o(.text), (612 bytes).
    Removing mml_skbd.o(.bss), (16 bytes).
    Removing mml_spi.o(.text), (2628 bytes).
    Removing mml_spi.o(.bss), (28 bytes).
    Removing mml_tmr.o(.text), (1920 bytes).
    Removing mml_tmr.o(.bss), (68 bytes).
    Removing mml_trng.o(.text), (32 bytes).
    Removing pts.o(.constdata), (1 bytes).

20 unused section(s) (total 23667 bytes) removed from the image.

==============================================================================

Image Symbol Table

    Local Symbols

    Symbol Name                              Value     Ov Type        Size  Object(Section)

    ../clib/angel/boardlib.s                 0x00000000   Number         0  boardshut.o ABSOLUTE
    ../clib/angel/boardlib.s                 0x00000000   Number         0  boardinit3.o ABSOLUTE
    ../clib/angel/boardlib.s                 0x00000000   Number         0  boardinit2.o ABSOLUTE
    ../clib/angel/boardlib.s                 0x00000000   Number         0  boardinit1.o ABSOLUTE
    ../clib/angel/dczerorl2.s                0x00000000   Number         0  __dczerorl2.o ABSOLUTE
    ../clib/angel/handlers.s                 0x00000000   Number         0  __scatter_zi.o ABSOLUTE
    ../clib/angel/kernel.s                   0x00000000   Number         0  rtexit.o ABSOLUTE
    ../clib/angel/kernel.s                   0x00000000   Number         0  rtentry4.o ABSOLUTE
    ../clib/angel/kernel.s                   0x00000000   Number         0  rtentry2.o ABSOLUTE
    ../clib/angel/kernel.s                   0x00000000   Number         0  rtentry.o ABSOLUTE
    ../clib/angel/kernel.s                   0x00000000   Number         0  rtexit2.o ABSOLUTE
    ../clib/angel/rt.s                       0x00000000   Number         0  aeabi_ldiv0_sigfpe.o ABSOLUTE
    ../clib/angel/rt.s                       0x00000000   Number         0  aeabi_ldiv0.o ABSOLUTE
    ../clib/angel/rt.s                       0x00000000   Number         0  rt_div0.o ABSOLUTE
    ../clib/angel/rt.s                       0x00000000   Number         0  rt_raise.o ABSOLUTE
    ../clib/angel/scatter.s                  0x00000000   Number         0  __scatter.o ABSOLUTE
    ../clib/angel/startup.s                  0x00000000   Number         0  __main.o ABSOLUTE
    ../clib/angel/sys.s                      0x00000000   Number         0  libspace.o ABSOLUTE
    ../clib/angel/sys.s                      0x00000000   Number         0  use_no_semi.o ABSOLUTE
    ../clib/angel/sys.s                      0x00000000   Number         0  indicate_semi.o ABSOLUTE
    ../clib/angel/sys.s                      0x00000000   Number         0  sys_stackheap_outer.o ABSOLUTE
    ../clib/angel/sysapp.c                   0x00000000   Number         0  sys_command.o ABSOLUTE
    ../clib/angel/sysapp.c                   0x00000000   Number         0  sys_exit.o ABSOLUTE
    ../clib/angel/sysapp.c                   0x00000000   Number         0  sys_wrch.o ABSOLUTE
    ../clib/armsys.c                         0x00000000   Number         0  _get_argv_nomalloc.o ABSOLUTE
    ../clib/armsys.c                         0x00000000   Number         0  no_argv.o ABSOLUTE
    ../clib/armsys.c                         0x00000000   Number         0  argv_veneer.o ABSOLUTE
    ../clib/armsys.c                         0x00000000   Number         0  argv_veneer.o ABSOLUTE
    ../clib/heapalloc.c                      0x00000000   Number         0  hrguard.o ABSOLUTE
    ../clib/heapaux.c                        0x00000000   Number         0  heapauxi.o ABSOLUTE
    ../clib/libinit.s                        0x00000000   Number         0  libinit.o ABSOLUTE
    ../clib/libinit.s                        0x00000000   Number         0  libshutdown.o ABSOLUTE
    ../clib/libinit.s                        0x00000000   Number         0  libinit2.o ABSOLUTE
    ../clib/libinit.s                        0x00000000   Number         0  libshutdown2.o ABSOLUTE
    ../clib/longlong.s                       0x00000000   Number         0  lludivv7m.o ABSOLUTE
    ../clib/memcpset.s                       0x00000000   Number         0  rt_memcpy_w.o ABSOLUTE
    ../clib/memcpset.s                       0x00000000   Number         0  aeabi_memset.o ABSOLUTE
    ../clib/memcpset.s                       0x00000000   Number         0  rt_memclr.o ABSOLUTE
    ../clib/memcpset.s                       0x00000000   Number         0  rt_memcpy_v6.o ABSOLUTE
    ../clib/memcpset.s                       0x00000000   Number         0  rt_memclr_w.o ABSOLUTE
    ../clib/signal.c                         0x00000000   Number         0  defsig_fpe_outer.o ABSOLUTE
    ../clib/signal.c                         0x00000000   Number         0  defsig_abrt_inner.o ABSOLUTE
    ../clib/signal.c                         0x00000000   Number         0  defsig_other.o ABSOLUTE
    ../clib/signal.c                         0x00000000   Number         0  defsig_rtmem_outer.o ABSOLUTE
    ../clib/signal.c                         0x00000000   Number         0  __raise.o ABSOLUTE
    ../clib/signal.c                         0x00000000   Number         0  defsig_stak_inner.o ABSOLUTE
    ../clib/signal.c                         0x00000000   Number         0  defsig_segv_inner.o ABSOLUTE
    ../clib/signal.c                         0x00000000   Number         0  defsig_cppl_inner.o ABSOLUTE
    ../clib/signal.c                         0x00000000   Number         0  defsig_fpe_formal.o ABSOLUTE
    ../clib/signal.c                         0x00000000   Number         0  defsig_pvfn_inner.o ABSOLUTE
    ../clib/signal.c                         0x00000000   Number         0  defsig_fpe_inner.o ABSOLUTE
    ../clib/signal.c                         0x00000000   Number         0  defsig_rtmem_formal.o ABSOLUTE
    ../clib/signal.c                         0x00000000   Number         0  defsig_exit.o ABSOLUTE
    ../clib/signal.c                         0x00000000   Number         0  defsig_general.o ABSOLUTE
    ../clib/signal.c                         0x00000000   Number         0  defsig_rtmem_inner.o ABSOLUTE
    ../clib/signal.c                         0x00000000   Number         0  defsig_rtred_inner.o ABSOLUTE
    ../clib/signal.s                         0x00000000   Number         0  defsig.o ABSOLUTE
    ../clib/stdlib.c                         0x00000000   Number         0  exit.o ABSOLUTE
    ../fplib/fpinit.s                        0x00000000   Number         0  fpinit.o ABSOLUTE
    ..\..\drivers\common\common.c            0x00000000   Number         0  common.o ABSOLUTE
    ..\..\drivers\max3255X\source\mml_dma.c  0x00000000   Number         0  mml_dma.o ABSOLUTE
    ..\..\drivers\max3255X\source\mml_gcr.c  0x00000000   Number         0  mml_gcr.o ABSOLUTE
    ..\..\drivers\max3255X\source\mml_gpio.c 0x00000000   Number         0  mml_gpio.o ABSOLUTE
    ..\..\drivers\max3255X\source\mml_i2c.c  0x00000000   Number         0  mml_i2c.o ABSOLUTE
    ..\..\drivers\max3255X\source\mml_intc.c 0x00000000   Number         0  mml_intc.o ABSOLUTE
    ..\..\drivers\max3255X\source\mml_mcr.c  0x00000000   Number         0  mml_mcr.o ABSOLUTE
    ..\..\drivers\max3255X\source\mml_rtc.c  0x00000000   Number         0  mml_rtc.o ABSOLUTE
    ..\..\drivers\max3255X\source\mml_sflc.c 0x00000000   Number         0  mml_sflc.o ABSOLUTE
    ..\..\drivers\max3255X\source\mml_skbd.c 0x00000000   Number         0  mml_skbd.o ABSOLUTE
    ..\..\drivers\max3255X\source\mml_smon.c 0x00000000   Number         0  mml_smon.o ABSOLUTE
    ..\..\drivers\max3255X\source\mml_spi.c  0x00000000   Number         0  mml_spi.o ABSOLUTE
    ..\..\drivers\max3255X\source\mml_tmr.c  0x00000000   Number         0  mml_tmr.o ABSOLUTE
    ..\..\drivers\max3255X\source\mml_trng.c 0x00000000   Number         0  mml_trng.o ABSOLUTE
    ..\..\drivers\max3255X\source\mml_uart.c 0x00000000   Number         0  mml_uart.o ABSOLUTE
    ..\..\drivers\max3255X\source\mml_wdt.c  0x00000000   Number         0  mml_wdt.o ABSOLUTE
    ..\..\drivers\max3255X\source\sci\ATR.c  0x00000000   Number         0  atr.o ABSOLUTE
    ..\..\drivers\max3255X\source\sci\OSWrapper.c 0x00000000   Number         0  oswrapper.o ABSOLUTE
    ..\..\drivers\max3255X\source\sci\PTS.c  0x00000000   Number         0  pts.o ABSOLUTE
    ..\..\drivers\max3255X\source\sci\ProtocolT0.c 0x00000000   Number         0  protocolt0.o ABSOLUTE
    ..\..\drivers\max3255X\source\sci\ProtocolT1.c 0x00000000   Number         0  protocolt1.o ABSOLUTE
    ..\..\drivers\max3255X\source\sci\ProtocolT1_BlockMgt.c 0x00000000   Number         0  protocolt1_blockmgt.o ABSOLUTE
    ..\..\drivers\max3255X\source\sci\afe\MAX3255x_AFE.c 0x00000000   Number         0  max3255x_afe.o ABSOLUTE
    ..\..\drivers\max3255X\source\sci\iccabstract.c 0x00000000   Number         0  iccabstract.o ABSOLUTE
    ..\..\drivers\max3255X\source\sci\smartcard_api.c 0x00000000   Number         0  smartcard_api.o ABSOLUTE
    ..\..\drivers\max3255X\source\sci\uart\MAX325xx_UART.c 0x00000000   Number         0  max325xx_uart.o ABSOLUTE
    dc.s                                     0x00000000   Number         0  dc.o ABSOLUTE
    src\main.c                               0x00000000   Number         0  main.o ABSOLUTE
    src\printf_lite.c                        0x00000000   Number         0  printf_lite.o ABSOLUTE
    src\private.c                            0x00000000   Number         0  private.o ABSOLUTE
    src\startup_max3255X.s                   0x00000000   Number         0  startup_max3255x.o ABSOLUTE
    RESET                                    0x10000020   Section        8  startup_max3255x.o(RESET)
    !!!main                                  0x10000028   Section        8  __main.o(!!!main)
    !!!scatter                               0x10000030   Section       52  __scatter.o(!!!scatter)
    !!dczerorl2                              0x10000064   Section       90  __dczerorl2.o(!!dczerorl2)
    !!handler_zi                             0x100000c0   Section       28  __scatter_zi.o(!!handler_zi)
    .ARM.Collect$$libinit$$00000000          0x100000dc   Section        2  libinit.o(.ARM.Collect$$libinit$$00000000)
    .ARM.Collect$$libinit$$00000002          0x100000de   Section        0  libinit2.o(.ARM.Collect$$libinit$$00000002)
    .ARM.Collect$$libinit$$00000008          0x100000de   Section        0  libinit2.o(.ARM.Collect$$libinit$$00000008)
    .ARM.Collect$$libinit$$0000000A          0x100000de   Section        0  libinit2.o(.ARM.Collect$$libinit$$0000000A)
    .ARM.Collect$$libinit$$0000000C          0x100000de   Section        0  libinit2.o(.ARM.Collect$$libinit$$0000000C)
    .ARM.Collect$$libinit$$0000000F          0x100000de   Section        0  libinit2.o(.ARM.Collect$$libinit$$0000000F)
    .ARM.Collect$$libinit$$00000011          0x100000de   Section        0  libinit2.o(.ARM.Collect$$libinit$$00000011)
    .ARM.Collect$$libinit$$00000013          0x100000de   Section        0  libinit2.o(.ARM.Collect$$libinit$$00000013)
    .ARM.Collect$$libinit$$00000015          0x100000de   Section        0  libinit2.o(.ARM.Collect$$libinit$$00000015)
    .ARM.Collect$$libinit$$00000017          0x100000de   Section        0  libinit2.o(.ARM.Collect$$libinit$$00000017)
    .ARM.Collect$$libinit$$00000019          0x100000de   Section        0  libinit2.o(.ARM.Collect$$libinit$$00000019)
    .ARM.Collect$$libinit$$0000001B          0x100000de   Section        0  libinit2.o(.ARM.Collect$$libinit$$0000001B)
    .ARM.Collect$$libinit$$0000001D          0x100000de   Section        0  libinit2.o(.ARM.Collect$$libinit$$0000001D)
    .ARM.Collect$$libinit$$0000001F          0x100000de   Section        0  libinit2.o(.ARM.Collect$$libinit$$0000001F)
    .ARM.Collect$$libinit$$00000021          0x100000de   Section        0  libinit2.o(.ARM.Collect$$libinit$$00000021)
    .ARM.Collect$$libinit$$00000023          0x100000de   Section        0  libinit2.o(.ARM.Collect$$libinit$$00000023)
    .ARM.Collect$$libinit$$0000002A          0x100000de   Section        0  libinit2.o(.ARM.Collect$$libinit$$0000002A)
    .ARM.Collect$$libinit$$0000002C          0x100000de   Section        0  libinit2.o(.ARM.Collect$$libinit$$0000002C)
    .ARM.Collect$$libinit$$0000002E          0x100000de   Section        0  libinit2.o(.ARM.Collect$$libinit$$0000002E)
    .ARM.Collect$$libinit$$00000030          0x100000de   Section        0  libinit2.o(.ARM.Collect$$libinit$$00000030)
    .ARM.Collect$$libinit$$00000031          0x100000de   Section        2  libinit2.o(.ARM.Collect$$libinit$$00000031)
    .ARM.Collect$$libshutdown$$00000000      0x100000e0   Section        2  libshutdown.o(.ARM.Collect$$libshutdown$$00000000)
    .ARM.Collect$$libshutdown$$00000003      0x100000e2   Section        0  libshutdown2.o(.ARM.Collect$$libshutdown$$00000003)
    .ARM.Collect$$libshutdown$$00000006      0x100000e2   Section        0  libshutdown2.o(.ARM.Collect$$libshutdown$$00000006)
    .ARM.Collect$$libshutdown$$00000009      0x100000e2   Section        0  libshutdown2.o(.ARM.Collect$$libshutdown$$00000009)
    .ARM.Collect$$libshutdown$$0000000B      0x100000e2   Section        0  libshutdown2.o(.ARM.Collect$$libshutdown$$0000000B)
    .ARM.Collect$$libshutdown$$0000000E      0x100000e2   Section        0  libshutdown2.o(.ARM.Collect$$libshutdown$$0000000E)
    .ARM.Collect$$libshutdown$$0000000F      0x100000e2   Section        2  libshutdown2.o(.ARM.Collect$$libshutdown$$0000000F)
    .ARM.Collect$$rtentry$$00000000          0x100000e4   Section        0  rtentry.o(.ARM.Collect$$rtentry$$00000000)
    .ARM.Collect$$rtentry$$00000002          0x100000e4   Section        0  rtentry2.o(.ARM.Collect$$rtentry$$00000002)
    .ARM.Collect$$rtentry$$00000004          0x100000e4   Section        6  rtentry4.o(.ARM.Collect$$rtentry$$00000004)
    .ARM.Collect$$rtentry$$00000009          0x100000ea   Section        0  rtentry2.o(.ARM.Collect$$rtentry$$00000009)
    .ARM.Collect$$rtentry$$0000000A          0x100000ea   Section        4  rtentry2.o(.ARM.Collect$$rtentry$$0000000A)
    .ARM.Collect$$rtentry$$0000000C          0x100000ee   Section        0  rtentry2.o(.ARM.Collect$$rtentry$$0000000C)
    .ARM.Collect$$rtentry$$0000000D          0x100000ee   Section        8  rtentry2.o(.ARM.Collect$$rtentry$$0000000D)
    .ARM.Collect$$rtexit$$00000000           0x100000f6   Section        2  rtexit.o(.ARM.Collect$$rtexit$$00000000)
    .ARM.Collect$$rtexit$$00000002           0x100000f8   Section        0  rtexit2.o(.ARM.Collect$$rtexit$$00000002)
    .ARM.Collect$$rtexit$$00000003           0x100000f8   Section        4  rtexit2.o(.ARM.Collect$$rtexit$$00000003)
    .ARM.Collect$$rtexit$$00000004           0x100000fc   Section        6  rtexit2.o(.ARM.Collect$$rtexit$$00000004)
    .text                                    0x10000104   Section        0  main.o(.text)
    .text                                    0x10000520   Section        0  private.o(.text)
    .text                                    0x10000554   Section       88  startup_max3255x.o(.text)
    .text                                    0x100005ac   Section        0  printf_lite.o(.text)
    .text                                    0x10000c28   Section        0  mml_gcr.o(.text)
    .text                                    0x10000d50   Section        0  mml_gpio.o(.text)
    .text                                    0x10001398   Section        0  mml_intc.o(.text)
    .text                                    0x10001474   Section        0  mml_uart.o(.text)
    .text                                    0x10001b20   Section        0  atr.o(.text)
    .text                                    0x10002358   Section        0  iccabstract.o(.text)
    .text                                    0x100027d8   Section        0  oswrapper.o(.text)
    .text                                    0x100029e0   Section        0  protocolt0.o(.text)
    .text                                    0x1000339c   Section        0  protocolt1.o(.text)
    .text                                    0x10003d16   Section        0  protocolt1_blockmgt.o(.text)
    .text                                    0x10004258   Section        0  pts.o(.text)
    .text                                    0x100044d4   Section        0  smartcard_api.o(.text)
    .text                                    0x10004884   Section        0  max3255x_afe.o(.text)
    AfeSelect                                0x10004885   Thumb Code   126  max3255x_afe.o(.text)
    AfeSetVoltage                            0x10004903   Thumb Code   142  max3255x_afe.o(.text)
    AfePower                                 0x10004991   Thumb Code   656  max3255x_afe.o(.text)
    AfeGetCardStatus                         0x10004c21   Thumb Code   144  max3255x_afe.o(.text)
    AfeInterrupt_Handler                     0x10004cb1   Thumb Code   136  max3255x_afe.o(.text)
    .text                                    0x10004f80   Section        0  max325xx_uart.o(.text)
    UartSetWaitingTime                       0x10004f81   Thumb Code    32  max325xx_uart.o(.text)
    UartActiveWait                           0x10004fa1   Thumb Code   218  max325xx_uart.o(.text)
    UartSetGuardTime                         0x1000507b   Thumb Code    42  max325xx_uart.o(.text)
    UartSetETU                               0x100050a5   Thumb Code   136  max325xx_uart.o(.text)
    UartSetConfig                            0x1000512d   Thumb Code    40  max325xx_uart.o(.text)
    UartComputeEDC                           0x10005155   Thumb Code   142  max325xx_uart.o(.text)
    UartStop                                 0x100051e3   Thumb Code   312  max325xx_uart.o(.text)
    UartOnCardStateChanged                   0x1000531b   Thumb Code    70  max325xx_uart.o(.text)
    UartReceive                              0x10005361   Thumb Code   282  max325xx_uart.o(.text)
    UartGetRxLen                             0x1000547b   Thumb Code    78  max325xx_uart.o(.text)
    UartSend                                 0x100054c9   Thumb Code   382  max325xx_uart.o(.text)
    UartInterrupt_Handler                    0x10005647   Thumb Code   982  max325xx_uart.o(.text)
    UartActivate                             0x10005a1d   Thumb Code   326  max325xx_uart.o(.text)
    .text                                    0x10005d14   Section      238  lludivv7m.o(.text)
    .text                                    0x10005e02   Section      138  rt_memcpy_v6.o(.text)
    .text                                    0x10005e8c   Section      100  rt_memcpy_w.o(.text)
    .text                                    0x10005ef0   Section       68  rt_memclr.o(.text)
    .text                                    0x10005f34   Section       78  rt_memclr_w.o(.text)
    .text                                    0x10005f82   Section        0  heapauxi.o(.text)
    .text                                    0x10005f88   Section       74  sys_stackheap_outer.o(.text)
    .text                                    0x10005fd2   Section        0  exit.o(.text)
    .text                                    0x10005fe0   Section        8  libspace.o(.text)
    .text                                    0x10005fe8   Section        0  sys_exit.o(.text)
    .text                                    0x10005ff4   Section        2  use_no_semi.o(.text)
    .text                                    0x10005ff6   Section        0  indicate_semi.o(.text)
    i.IccSlotGetConfiguration                0x10005ff6   Section        0  iccabstract.o(i.IccSlotGetConfiguration)
    .constdata                               0x10006002   Section       20  main.o(.constdata)
    .constdata                               0x10006018   Section        8  startup_max3255x.o(.constdata)
    .constdata                               0x10006020   Section       70  atr.o(.constdata)
    .constdata                               0x10006068   Section       84  iccabstract.o(.constdata)
    .constdata                               0x100060bc   Section        5  protocolt0.o(.constdata)
    .constdata                               0x100060c4   Section       16  max3255x_afe.o(.constdata)
    MAX3255x_AfeOps                          0x100060c4   Data          16  max3255x_afe.o(.constdata)
    .constdata                               0x100060d4   Section       40  max325xx_uart.o(.constdata)
    MAX325xx_UART_ops                        0x100060d8   Data          36  max325xx_uart.o(.constdata)
    .bss                                     0x20000000   Section       28  mml_gpio.o(.bss)
    .bss                                     0x2000001c   Section       76  mml_uart.o(.bss)
    .data                                    0x20000068   Section        6  main.o(.data)
    .data                                    0x20000100   Section      256  startup_max3255x.o(.data)
    .data                                    0x20000200   Section       28  oswrapper.o(.data)
    UartData                                 0x20000214   Data           8  oswrapper.o(.data)
    .data                                    0x2000021c   Section        5  protocolt0.o(.data)
    CmdGetResponse                           0x2000021c   Data           5  protocolt0.o(.data)
    .bss                                     0x20000224   Section     1026  main.o(.bss)
    command0                                 0x20000224   Data         256  main.o(.bss)
    command1                                 0x20000324   Data         256  main.o(.bss)
    response0                                0x20000424   Data         258  main.o(.bss)
    response1                                0x20000526   Data         256  main.o(.bss)
    .bss                                     0x20000628   Section      184  oswrapper.o(.bss)
    SlotContexes                             0x20000628   Data         168  oswrapper.o(.bss)
    SlotData                                 0x200006d0   Data          16  oswrapper.o(.bss)
    .bss                                     0x200006e0   Section     1056  smartcard_api.o(.bss)
    CardResponse                             0x200006e0   Data        1056  smartcard_api.o(.bss)
    .bss                                     0x20000b00   Section       28  max325xx_uart.o(.bss)
    UartPrivateData                          0x20000b00   Data          28  max325xx_uart.o(.bss)
    .bss                                     0x20000b1c   Section       96  libspace.o(.bss)
    HEAP                                     0x20000b80   Section    65536  startup_max3255x.o(HEAP)
    Heap_Mem                                 0x20000b80   Data       65536  startup_max3255x.o(HEAP)
    STACK                                    0x20010b80   Section    16384  startup_max3255x.o(STACK)
    Stack_Mem                                0x20010b80   Data       16384  startup_max3255x.o(STACK)
    __initial_sp                             0x20014b80   Data           0  startup_max3255x.o(STACK)

    Global Symbols

    Symbol Name                              Value     Ov Type        Size  Object(Section)

    BuildAttributes$$THM_ISAv4$P$D$K$B$S$PE$A:L22UL41UL21$X:L11$S22US41US21$IEEE1$IW$USESV6$~STKCKD$USESV7$WCHAR32$~SHL$OSPACE$ROPI$EBA8$UX$STANDARDLIB$REQ8$PRES8$EABIv2 0x00000000   Number         0  anon$$obj.o ABSOLUTE
    __ARM_use_no_argv                        0x00000000   Number         0  main.o ABSOLUTE
    __ARM_exceptions_init                     - Undefined Weak Reference
    __alloca_initialize                       - Undefined Weak Reference
    __cpp_initialize__aeabi_                  - Undefined Weak Reference
    __cxa_finalize                            - Undefined Weak Reference
    __rt_locale                               - Undefined Weak Reference
    __sigvec_lookup                           - Undefined Weak Reference
    _atexit_init                              - Undefined Weak Reference
    _call_atexit_fns                          - Undefined Weak Reference
    _clock_init                               - Undefined Weak Reference
    _fp_trap_init                             - Undefined Weak Reference
    _fp_trap_shutdown                         - Undefined Weak Reference
    _get_lc_collate                           - Undefined Weak Reference
    _get_lc_ctype                             - Undefined Weak Reference
    _get_lc_monetary                          - Undefined Weak Reference
    _get_lc_numeric                           - Undefined Weak Reference
    _get_lc_time                              - Undefined Weak Reference
    _getenv_init                              - Undefined Weak Reference
    _handle_redirection                       - Undefined Weak Reference
    _init_alloc                               - Undefined Weak Reference
    _init_user_alloc                          - Undefined Weak Reference
    _initio                                   - Undefined Weak Reference
    _rand_init                                - Undefined Weak Reference
    _signal_finish                            - Undefined Weak Reference
    _signal_init                              - Undefined Weak Reference
    _terminate_alloc                          - Undefined Weak Reference
    _terminate_user_alloc                     - Undefined Weak Reference
    _terminateio                              - Undefined Weak Reference
    __main                                   0x10000029   Thumb Code     8  __main.o(!!!main)
    __scatterload                            0x10000031   Thumb Code     0  __scatter.o(!!!scatter)
    __scatterload_rt2                        0x10000031   Thumb Code    44  __scatter.o(!!!scatter)
    __scatterload_rt2_thumb_only             0x10000031   Thumb Code     0  __scatter.o(!!!scatter)
    __scatterload_null                       0x1000003f   Thumb Code     0  __scatter.o(!!!scatter)
    __decompress                             0x10000065   Thumb Code    90  __dczerorl2.o(!!dczerorl2)
    __decompress1                            0x10000065   Thumb Code     0  __dczerorl2.o(!!dczerorl2)
    __scatterload_zeroinit                   0x100000c1   Thumb Code    28  __scatter_zi.o(!!handler_zi)
    __rt_lib_init                            0x100000dd   Thumb Code     0  libinit.o(.ARM.Collect$$libinit$$00000000)
    __rt_lib_init_alloca_1                   0x100000df   Thumb Code     0  libinit2.o(.ARM.Collect$$libinit$$0000002C)
    __rt_lib_init_argv_1                     0x100000df   Thumb Code     0  libinit2.o(.ARM.Collect$$libinit$$0000002A)
    __rt_lib_init_atexit_1                   0x100000df   Thumb Code     0  libinit2.o(.ARM.Collect$$libinit$$00000019)
    __rt_lib_init_clock_1                    0x100000df   Thumb Code     0  libinit2.o(.ARM.Collect$$libinit$$0000001F)
    __rt_lib_init_cpp_1                      0x100000df   Thumb Code     0  libinit2.o(.ARM.Collect$$libinit$$00000030)
    __rt_lib_init_exceptions_1               0x100000df   Thumb Code     0  libinit2.o(.ARM.Collect$$libinit$$0000002E)
    __rt_lib_init_fp_1                       0x100000df   Thumb Code     0  libinit2.o(.ARM.Collect$$libinit$$00000002)
    __rt_lib_init_fp_trap_1                  0x100000df   Thumb Code     0  libinit2.o(.ARM.Collect$$libinit$$0000001D)
    __rt_lib_init_getenv_1                   0x100000df   Thumb Code     0  libinit2.o(.ARM.Collect$$libinit$$00000021)
    __rt_lib_init_heap_1                     0x100000df   Thumb Code     0  libinit2.o(.ARM.Collect$$libinit$$00000008)
    __rt_lib_init_lc_collate_1               0x100000df   Thumb Code     0  libinit2.o(.ARM.Collect$$libinit$$0000000F)
    __rt_lib_init_lc_ctype_1                 0x100000df   Thumb Code     0  libinit2.o(.ARM.Collect$$libinit$$00000011)
    __rt_lib_init_lc_monetary_1              0x100000df   Thumb Code     0  libinit2.o(.ARM.Collect$$libinit$$00000013)
    __rt_lib_init_lc_numeric_1               0x100000df   Thumb Code     0  libinit2.o(.ARM.Collect$$libinit$$00000015)
    __rt_lib_init_lc_time_1                  0x100000df   Thumb Code     0  libinit2.o(.ARM.Collect$$libinit$$00000017)
    __rt_lib_init_rand_1                     0x100000df   Thumb Code     0  libinit2.o(.ARM.Collect$$libinit$$0000000C)
    __rt_lib_init_return                     0x100000df   Thumb Code     0  libinit2.o(.ARM.Collect$$libinit$$00000031)
    __rt_lib_init_signal_1                   0x100000df   Thumb Code     0  libinit2.o(.ARM.Collect$$libinit$$0000001B)
    __rt_lib_init_stdio_1                    0x100000df   Thumb Code     0  libinit2.o(.ARM.Collect$$libinit$$00000023)
    __rt_lib_init_user_alloc_1               0x100000df   Thumb Code     0  libinit2.o(.ARM.Collect$$libinit$$0000000A)
    __rt_lib_shutdown                        0x100000e1   Thumb Code     0  libshutdown.o(.ARM.Collect$$libshutdown$$00000000)
    __rt_lib_shutdown_fp_trap_1              0x100000e3   Thumb Code     0  libshutdown2.o(.ARM.Collect$$libshutdown$$00000006)
    __rt_lib_shutdown_heap_1                 0x100000e3   Thumb Code     0  libshutdown2.o(.ARM.Collect$$libshutdown$$0000000E)
    __rt_lib_shutdown_return                 0x100000e3   Thumb Code     0  libshutdown2.o(.ARM.Collect$$libshutdown$$0000000F)
    __rt_lib_shutdown_signal_1               0x100000e3   Thumb Code     0  libshutdown2.o(.ARM.Collect$$libshutdown$$00000009)
    __rt_lib_shutdown_stdio_1                0x100000e3   Thumb Code     0  libshutdown2.o(.ARM.Collect$$libshutdown$$00000003)
    __rt_lib_shutdown_user_alloc_1           0x100000e3   Thumb Code     0  libshutdown2.o(.ARM.Collect$$libshutdown$$0000000B)
    __rt_entry                               0x100000e5   Thumb Code     0  rtentry.o(.ARM.Collect$$rtentry$$00000000)
    __rt_entry_presh_1                       0x100000e5   Thumb Code     0  rtentry2.o(.ARM.Collect$$rtentry$$00000002)
    __rt_entry_sh                            0x100000e5   Thumb Code     0  rtentry4.o(.ARM.Collect$$rtentry$$00000004)
    __rt_entry_li                            0x100000eb   Thumb Code     0  rtentry2.o(.ARM.Collect$$rtentry$$0000000A)
    __rt_entry_postsh_1                      0x100000eb   Thumb Code     0  rtentry2.o(.ARM.Collect$$rtentry$$00000009)
    __rt_entry_main                          0x100000ef   Thumb Code     0  rtentry2.o(.ARM.Collect$$rtentry$$0000000D)
    __rt_entry_postli_1                      0x100000ef   Thumb Code     0  rtentry2.o(.ARM.Collect$$rtentry$$0000000C)
    __rt_exit                                0x100000f7   Thumb Code     0  rtexit.o(.ARM.Collect$$rtexit$$00000000)
    __rt_exit_ls                             0x100000f9   Thumb Code     0  rtexit2.o(.ARM.Collect$$rtexit$$00000003)
    __rt_exit_prels_1                        0x100000f9   Thumb Code     0  rtexit2.o(.ARM.Collect$$rtexit$$00000002)
    __rt_exit_exit                           0x100000fd   Thumb Code     0  rtexit2.o(.ARM.Collect$$rtexit$$00000004)
    main                                     0x10000105   Thumb Code   612  main.o(.text)
    Delay                                    0x10000521   Thumb Code    46  private.o(.text)
    System_Reset                             0x10000555   Thumb Code    16  startup_max3255x.o(.text)
    Reset_Handler                            0x10000565   Thumb Code     4  startup_max3255x.o(.text)
    NMI_Handler                              0x10000569   Thumb Code     2  startup_max3255x.o(.text)
    HardFault_Handler                        0x1000056b   Thumb Code     2  startup_max3255x.o(.text)
    MemManage_Handler                        0x1000056d   Thumb Code     2  startup_max3255x.o(.text)
    BusFault_Handler                         0x1000056f   Thumb Code     2  startup_max3255x.o(.text)
    UsageFault_Handler                       0x10000571   Thumb Code     2  startup_max3255x.o(.text)
    SVC_Handler                              0x10000573   Thumb Code     2  startup_max3255x.o(.text)
    DebugMon_Handler                         0x10000575   Thumb Code     2  startup_max3255x.o(.text)
    PendSV_Handler                           0x10000577   Thumb Code     2  startup_max3255x.o(.text)
    SysTick_Handler                          0x10000579   Thumb Code     2  startup_max3255x.o(.text)
    handler_default_undefined_               0x1000057b   Thumb Code     2  startup_max3255x.o(.text)
    __user_initial_stackheap                 0x1000057d   Thumb Code     0  startup_max3255x.o(.text)
    uart_write_char                          0x100005ad   Thumb Code    14  printf_lite.o(.text)
    write_char                               0x100005bb   Thumb Code    34  printf_lite.o(.text)
    write_long                               0x100005dd   Thumb Code   194  printf_lite.o(.text)
    write_num                                0x1000069f   Thumb Code    36  printf_lite.o(.text)
    write_hex                                0x100006c3   Thumb Code    22  printf_lite.o(.text)
    write_string                             0x100006d9   Thumb Code    22  printf_lite.o(.text)
    check_string                             0x100006ef   Thumb Code    72  printf_lite.o(.text)
    cvt                                      0x10000737   Thumb Code    94  printf_lite.o(.text)
    private_printf                           0x10000795   Thumb Code   982  printf_lite.o(.text)
    lite_printf                              0x10000b6b   Thumb Code   158  printf_lite.o(.text)
    write_dec                                0x10000c09   Thumb Code    32  printf_lite.o(.text)
    mml_gcr_reset                            0x10000c29   Thumb Code    32  mml_gcr.o(.text)
    mml_gcr_dev_reset                        0x10000c49   Thumb Code    12  mml_gcr.o(.text)
    mml_gcr_set_sysfreq                      0x10000c55   Thumb Code    10  mml_gcr.o(.text)
    mml_gcr_get_sysfreq                      0x10000c5f   Thumb Code    14  mml_gcr.o(.text)
    mml_set_system_divider                   0x10000c6d   Thumb Code    86  mml_gcr.o(.text)
    mml_get_system_frequency                 0x10000cc3   Thumb Code    52  mml_gcr.o(.text)
    mml_get_ahb_frequency                    0x10000cf7   Thumb Code    12  mml_gcr.o(.text)
    mml_get_apb_frequency                    0x10000d03   Thumb Code    26  mml_gcr.o(.text)
    mml_reset_system                         0x10000d1d   Thumb Code    12  mml_gcr.o(.text)
    mml_gcr_flip_iflash                      0x10000d29   Thumb Code    14  mml_gcr.o(.text)
    mml_gcr_unflip_iflash                    0x10000d37   Thumb Code    14  mml_gcr.o(.text)
    mml_gpio_check                           0x10000d51   Thumb Code    46  mml_gpio.o(.text)
    mml_gpio_enable_output                   0x10000d7f   Thumb Code    56  mml_gpio.o(.text)
    mml_gpio_configure_function              0x10000db7   Thumb Code   158  mml_gpio.o(.text)
    mml_gpio_pad_configure                   0x10000e55   Thumb Code   180  mml_gpio.o(.text)
    mml_gpio_disable_output                  0x10000f09   Thumb Code    56  mml_gpio.o(.text)
    mml_gpio_clear_out_int_wake              0x10000f41   Thumb Code    56  mml_gpio.o(.text)
    mml_gpio_set_config                      0x10000f79   Thumb Code   122  mml_gpio.o(.text)
    mml_gpio_init                            0x10000ff3   Thumb Code   112  mml_gpio.o(.text)
    mml_gpio_reset_interface                 0x10001063   Thumb Code    34  mml_gpio.o(.text)
    mml_gpio_close                           0x10001085   Thumb Code    42  mml_gpio.o(.text)
    mml_gpio_enable_interrupt                0x100010af   Thumb Code    52  mml_gpio.o(.text)
    mml_gpio_disable_interrupt               0x100010e3   Thumb Code    52  mml_gpio.o(.text)
    mml_gpio_clear_interrupt                 0x10001117   Thumb Code    82  mml_gpio.o(.text)
    mml_gpio_get_interrupt_status            0x10001169   Thumb Code    68  mml_gpio.o(.text)
    mml_gpio_config_open_drain               0x100011ad   Thumb Code    40  mml_gpio.o(.text)
    mml_gpio_write_dataout                   0x100011d5   Thumb Code    16  mml_gpio.o(.text)
    mml_gpio_read_dataout                    0x100011e5   Thumb Code    18  mml_gpio.o(.text)
    mml_gpio_read_datain                     0x100011f7   Thumb Code    18  mml_gpio.o(.text)
    mml_gpio_write_buffer                    0x10001209   Thumb Code    46  mml_gpio.o(.text)
    mml_gpio_read_buffer                     0x10001237   Thumb Code    46  mml_gpio.o(.text)
    mml_gpio_write_bit_pattern               0x10001265   Thumb Code    74  mml_gpio.o(.text)
    mml_gpio_read_bit_pattern                0x100012af   Thumb Code    74  mml_gpio.o(.text)
    mml_gpio_pin_output                      0x100012f9   Thumb Code    66  mml_gpio.o(.text)
    mml_gpio_pin_input                       0x1000133b   Thumb Code    48  mml_gpio.o(.text)
    mml_gpio_set_padsmode                    0x1000136b   Thumb Code    32  mml_gpio.o(.text)
    mml_intc_attach_irq                      0x10001399   Thumb Code    42  mml_intc.o(.text)
    mml_intc_detach_irq                      0x100013c3   Thumb Code    36  mml_intc.o(.text)
    mml_intc_enable_irq                      0x100013e7   Thumb Code    30  mml_intc.o(.text)
    mml_intc_disable_irq                     0x10001405   Thumb Code    30  mml_intc.o(.text)
    mml_intc_ack_irq                         0x10001423   Thumb Code    30  mml_intc.o(.text)
    mml_intc_setup_irq                       0x10001441   Thumb Code    42  mml_intc.o(.text)
    mml_uart_flush_raw                       0x10001475   Thumb Code    34  mml_uart.o(.text)
    mml_uart_set_config                      0x10001497   Thumb Code   386  mml_uart.o(.text)
    mml_uart_init                            0x10001619   Thumb Code   292  mml_uart.o(.text)
    mml_uart_reset_interface                 0x1000173d   Thumb Code    34  mml_uart.o(.text)
    mml_uart_read_char                       0x1000175f   Thumb Code   104  mml_uart.o(.text)
    mml_uart_write_char                      0x100017c7   Thumb Code   100  mml_uart.o(.text)
    mml_uart_flush                           0x1000182b   Thumb Code   106  mml_uart.o(.text)
    mml_uart_port_status                     0x10001895   Thumb Code    74  mml_uart.o(.text)
    mml_uart_deinit                          0x100018df   Thumb Code   174  mml_uart.o(.text)
    mml_uart_callback_handler_register       0x1000198d   Thumb Code    92  mml_uart.o(.text)
    mml_uart_callback_handler_unregister     0x100019e9   Thumb Code    78  mml_uart.o(.text)
    mml_uart_interrupt_activate              0x10001a37   Thumb Code    84  mml_uart.o(.text)
    mml_uart_interrupt_clear                 0x10001a8b   Thumb Code    26  mml_uart.o(.text)
    mml_uart_interrupt_set                   0x10001aa5   Thumb Code    32  mml_uart.o(.text)
    mml_uart_interrupt_ack                   0x10001ac5   Thumb Code    22  mml_uart.o(.text)
    mml_uart_initialise                      0x10001adb   Thumb Code    20  mml_uart.o(.text)
    mml_uart_read_byte                       0x10001aef   Thumb Code    18  mml_uart.o(.text)
    mml_uart_write_byte                      0x10001b01   Thumb Code    14  mml_uart.o(.text)
    GetATR                                   0x10001b21   Thumb Code  2098  atr.o(.text)
    SetDefaultConfig                         0x10002359   Thumb Code    94  iccabstract.o(.text)
    IccWait                                  0x100023b7   Thumb Code    32  iccabstract.o(.text)
    IccGetRxLen                              0x100023d7   Thumb Code    40  iccabstract.o(.text)
    IccCheckCardState                        0x100023ff   Thumb Code    34  iccabstract.o(.text)
    IccDeactivate                            0x10002421   Thumb Code   120  iccabstract.o(.text)
    IccStartActivation                       0x10002499   Thumb Code    62  iccabstract.o(.text)
    IccSend                                  0x100024d7   Thumb Code   102  iccabstract.o(.text)
    IccReceive                               0x1000253d   Thumb Code    84  iccabstract.o(.text)
    IccRxDone                                0x10002591   Thumb Code    76  iccabstract.o(.text)
    IccSetAfeVoltage                         0x100025dd   Thumb Code    38  iccabstract.o(.text)
    IccPowerOff                              0x10002603   Thumb Code    68  iccabstract.o(.text)
    IccPowerAfe                              0x10002647   Thumb Code    74  iccabstract.o(.text)
    IccOnCardStateChange                     0x10002691   Thumb Code    50  iccabstract.o(.text)
    IccUartRegister                          0x100026c3   Thumb Code    30  iccabstract.o(.text)
    IccRegisterAfe                           0x100026e1   Thumb Code    86  iccabstract.o(.text)
    IccExchange                              0x10002737   Thumb Code   110  iccabstract.o(.text)
    IccActivate                              0x100027a5   Thumb Code    50  iccabstract.o(.text)
    udelay                                   0x100027d9   Thumb Code    18  oswrapper.o(.text)
    OSWrapper_SC0Handler                     0x100027eb   Thumb Code    46  oswrapper.o(.text)
    OSWrapper_Map                            0x10002819   Thumb Code     2  oswrapper.o(.text)
    OSWrapper_WriteReg                       0x1000281b   Thumb Code    16  oswrapper.o(.text)
    OSWrapper_WriteReg_nodelay               0x1000282b   Thumb Code     8  oswrapper.o(.text)
    OSWrapper_ReadReg                        0x10002833   Thumb Code     6  oswrapper.o(.text)
    OSWrapper_RegisterIRQ                    0x10002839   Thumb Code   126  oswrapper.o(.text)
    OSWrapper_UnregisterIRQ                  0x100028b7   Thumb Code   136  oswrapper.o(.text)
    OSWrapper_getUARTbyId                    0x1000293f   Thumb Code    18  oswrapper.o(.text)
    OSWrapper_getSlotbyId                    0x10002951   Thumb Code    18  oswrapper.o(.text)
    OSWrapper_getSlotCtxbyId                 0x10002963   Thumb Code    26  oswrapper.o(.text)
    OSWrapper_RegisterUART                   0x1000297d   Thumb Code    28  oswrapper.o(.text)
    OSWrapper_RegisterSlot                   0x10002999   Thumb Code    28  oswrapper.o(.text)
    OSWrapper_memdestroy                     0x100029b5   Thumb Code    16  oswrapper.o(.text)
    OSWrapper_EnterCritical                  0x100029c5   Thumb Code     2  oswrapper.o(.text)
    OSWrapper_ExitCritical                   0x100029c7   Thumb Code     2  oswrapper.o(.text)
    OSWrapper_Interrupt_disable              0x100029c9   Thumb Code     4  oswrapper.o(.text)
    OSWrapper_Interrupt_enable               0x100029cd   Thumb Code     4  oswrapper.o(.text)
    T0GetMoreRxBytes                         0x100029e1   Thumb Code   196  protocolt0.o(.text)
    T0TransmitHeader                         0x10002aa5   Thumb Code    36  protocolt0.o(.text)
    T0GetProcByte                            0x10002ac9   Thumb Code   108  protocolt0.o(.text)
    T0Case2                                  0x10002b35   Thumb Code   750  protocolt0.o(.text)
    T0Case3                                  0x10002e23   Thumb Code   466  protocolt0.o(.text)
    T0Case1                                  0x10002ff5   Thumb Code   186  protocolt0.o(.text)
    T0DetectCmdCase                          0x100030af   Thumb Code   122  protocolt0.o(.text)
    SendT0                                   0x10003129   Thumb Code   618  protocolt0.o(.text)
    SendT1                                   0x1000339d   Thumb Code  2426  protocolt1.o(.text)
    PCBValueIBlock                           0x10003d17   Thumb Code    22  protocolt1_blockmgt.o(.text)
    PCBValueRBlock                           0x10003d2d   Thumb Code    14  protocolt1_blockmgt.o(.text)
    SendIBlock                               0x10003d3b   Thumb Code   120  protocolt1_blockmgt.o(.text)
    SendRBlock                               0x10003db3   Thumb Code    78  protocolt1_blockmgt.o(.text)
    SendSBlock                               0x10003e01   Thumb Code   118  protocolt1_blockmgt.o(.text)
    ReceiveBlock                             0x10003e77   Thumb Code   974  protocolt1_blockmgt.o(.text)
    CheckMBit                                0x10004245   Thumb Code    18  protocolt1_blockmgt.o(.text)
    IccPTSNegotiate                          0x10004259   Thumb Code   618  pts.o(.text)
    SCAPI_open                               0x100044d5   Thumb Code   114  smartcard_api.o(.text)
    SCAPI_close                              0x10004547   Thumb Code    32  smartcard_api.o(.text)
    SCAPI_write                              0x10004567   Thumb Code    94  smartcard_api.o(.text)
    SCAPI_read                               0x100045c5   Thumb Code    72  smartcard_api.o(.text)
    SCAPI_ioctl                              0x1000460d   Thumb Code   612  smartcard_api.o(.text)
    AfeInit                                  0x10004d39   Thumb Code   574  max3255x_afe.o(.text)
    UartIoctl                                0x10005b63   Thumb Code    96  max325xx_uart.o(.text)
    UartInit                                 0x10005bc3   Thumb Code   314  max325xx_uart.o(.text)
    __aeabi_uldivmod                         0x10005d15   Thumb Code     0  lludivv7m.o(.text)
    _ll_udiv                                 0x10005d15   Thumb Code   238  lludivv7m.o(.text)
    __aeabi_memcpy                           0x10005e03   Thumb Code     0  rt_memcpy_v6.o(.text)
    __rt_memcpy                              0x10005e03   Thumb Code   138  rt_memcpy_v6.o(.text)
    _memcpy_lastbytes                        0x10005e69   Thumb Code     0  rt_memcpy_v6.o(.text)
    __aeabi_memcpy4                          0x10005e8d   Thumb Code     0  rt_memcpy_w.o(.text)
    __aeabi_memcpy8                          0x10005e8d   Thumb Code     0  rt_memcpy_w.o(.text)
    __rt_memcpy_w                            0x10005e8d   Thumb Code   100  rt_memcpy_w.o(.text)
    _memcpy_lastbytes_aligned                0x10005ed5   Thumb Code     0  rt_memcpy_w.o(.text)
    __aeabi_memclr                           0x10005ef1   Thumb Code     0  rt_memclr.o(.text)
    __rt_memclr                              0x10005ef1   Thumb Code    68  rt_memclr.o(.text)
    _memset                                  0x10005ef5   Thumb Code     0  rt_memclr.o(.text)
    __aeabi_memclr4                          0x10005f35   Thumb Code     0  rt_memclr_w.o(.text)
    __aeabi_memclr8                          0x10005f35   Thumb Code     0  rt_memclr_w.o(.text)
    __rt_memclr_w                            0x10005f35   Thumb Code    78  rt_memclr_w.o(.text)
    _memset_w                                0x10005f39   Thumb Code     0  rt_memclr_w.o(.text)
    __use_two_region_memory                  0x10005f83   Thumb Code     2  heapauxi.o(.text)
    __rt_heap_escrow$2region                 0x10005f85   Thumb Code     2  heapauxi.o(.text)
    __rt_heap_expand$2region                 0x10005f87   Thumb Code     2  heapauxi.o(.text)
    __user_setup_stackheap                   0x10005f89   Thumb Code    74  sys_stackheap_outer.o(.text)
    exit                                     0x10005fd3   Thumb Code    12  exit.o(.text)
    __user_libspace                          0x10005fe1   Thumb Code     8  libspace.o(.text)
    __user_perproc_libspace                  0x10005fe1   Thumb Code     0  libspace.o(.text)
    __user_perthread_libspace                0x10005fe1   Thumb Code     0  libspace.o(.text)
    _sys_exit                                0x10005fe9   Thumb Code     8  sys_exit.o(.text)
    __I$use$semihosting                      0x10005ff5   Thumb Code     0  use_no_semi.o(.text)
    __use_no_semihosting_swi                 0x10005ff5   Thumb Code     2  use_no_semi.o(.text)
    IccSlotGetConfiguration                  0x10005ff7   Thumb Code    12  iccabstract.o(i.IccSlotGetConfiguration)
    __semihosting_library_function           0x10005ff7   Thumb Code     0  indicate_semi.o(.text)
    selectFile                               0x10006002   Data          20  main.o(.constdata)
    Part_Number                              0x10006018   Data           4  startup_max3255x.o(.constdata)
    Clock_Speed                              0x1000601c   Data           4  startup_max3255x.o(.constdata)
    NB_BITS                                  0x10006020   Data          16  atr.o(.constdata)
    Di                                       0x10006030   Data          16  atr.o(.constdata)
    Fi                                       0x10006040   Data          32  atr.o(.constdata)
    IccEMVActivationParams                   0x10006060   Data           6  atr.o(.constdata)
    SlotDefaultConfig                        0x10006068   Data          84  iccabstract.o(.constdata)
    GetResponseTPDU                          0x100060bc   Data           5  protocolt0.o(.constdata)
    UartPhysicalAddresses                    0x100060d4   Data           4  max325xx_uart.o(.constdata)
    Region$$Table$$Base                      0x100060fc   Number         0  anon$$obj.o(Region$$Table)
    Region$$Table$$Limit                     0x1000611c   Number         0  anon$$obj.o(Region$$Table)
    gpio_context                             0x20000000   Data          28  mml_gpio.o(.bss)
    uart_context                             0x2000001c   Data          76  mml_uart.o(.bss)
    ActivationParams                         0x20000068   Data           6  main.o(.data)
    __Vectors                                0x20000100   Data           4  startup_max3255x.o(.data)
    OSWrapperData                            0x20000200   Data          20  oswrapper.o(.data)
    __libspace_start                         0x20000b1c   Data          96  libspace.o(.bss)
    __temporary_stack_top$libspace           0x20000b7c   Data           0  libspace.o(.bss)



==============================================================================

Memory Map of the image

  Image Entry point : 0x10000029

  Load Region LR_IROM1 (Base: 0x10000020, Size: 0x00006320, Max: 0x000fffe0, ABSOLUTE, COMPRESSED[0x00006138])

    Execution Region ER_IROM1 (Base: 0x10000020, Size: 0x000060fc, Max: 0x000fffe0, ABSOLUTE)

    Base Addr    Size         Type   Attr      Idx    E Section Name        Object

    0x10000020   0x00000008   Code   RO          115    RESET               startup_max3255x.o
    0x10000028   0x00000008   Code   RO          733  * !!!main             c_wu.l(__main.o)
    0x10000030   0x00000034   Code   RO          899    !!!scatter          c_wu.l(__scatter.o)
    0x10000064   0x0000005a   Code   RO          897    !!dczerorl2         c_wu.l(__dczerorl2.o)
    0x100000be   0x00000002   PAD
    0x100000c0   0x0000001c   Code   RO          901    !!handler_zi        c_wu.l(__scatter_zi.o)
    0x100000dc   0x00000002   Code   RO          770    .ARM.Collect$$libinit$$00000000  c_wu.l(libinit.o)
    0x100000de   0x00000000   Code   RO          783    .ARM.Collect$$libinit$$00000002  c_wu.l(libinit2.o)
    0x100000de   0x00000000   Code   RO          786    .ARM.Collect$$libinit$$00000008  c_wu.l(libinit2.o)
    0x100000de   0x00000000   Code   RO          788    .ARM.Collect$$libinit$$0000000A  c_wu.l(libinit2.o)
    0x100000de   0x00000000   Code   RO          790    .ARM.Collect$$libinit$$0000000C  c_wu.l(libinit2.o)
    0x100000de   0x00000000   Code   RO          793    .ARM.Collect$$libinit$$0000000F  c_wu.l(libinit2.o)
    0x100000de   0x00000000   Code   RO          795    .ARM.Collect$$libinit$$00000011  c_wu.l(libinit2.o)
    0x100000de   0x00000000   Code   RO          797    .ARM.Collect$$libinit$$00000013  c_wu.l(libinit2.o)
    0x100000de   0x00000000   Code   RO          799    .ARM.Collect$$libinit$$00000015  c_wu.l(libinit2.o)
    0x100000de   0x00000000   Code   RO          801    .ARM.Collect$$libinit$$00000017  c_wu.l(libinit2.o)
    0x100000de   0x00000000   Code   RO          803    .ARM.Collect$$libinit$$00000019  c_wu.l(libinit2.o)
    0x100000de   0x00000000   Code   RO          805    .ARM.Collect$$libinit$$0000001B  c_wu.l(libinit2.o)
    0x100000de   0x00000000   Code   RO          807    .ARM.Collect$$libinit$$0000001D  c_wu.l(libinit2.o)
    0x100000de   0x00000000   Code   RO          809    .ARM.Collect$$libinit$$0000001F  c_wu.l(libinit2.o)
    0x100000de   0x00000000   Code   RO          811    .ARM.Collect$$libinit$$00000021  c_wu.l(libinit2.o)
    0x100000de   0x00000000   Code   RO          813    .ARM.Collect$$libinit$$00000023  c_wu.l(libinit2.o)
    0x100000de   0x00000000   Code   RO          817    .ARM.Collect$$libinit$$0000002A  c_wu.l(libinit2.o)
    0x100000de   0x00000000   Code   RO          819    .ARM.Collect$$libinit$$0000002C  c_wu.l(libinit2.o)
    0x100000de   0x00000000   Code   RO          821    .ARM.Collect$$libinit$$0000002E  c_wu.l(libinit2.o)
    0x100000de   0x00000000   Code   RO          823    .ARM.Collect$$libinit$$00000030  c_wu.l(libinit2.o)
    0x100000de   0x00000002   Code   RO          824    .ARM.Collect$$libinit$$00000031  c_wu.l(libinit2.o)
    0x100000e0   0x00000002   Code   RO          855    .ARM.Collect$$libshutdown$$00000000  c_wu.l(libshutdown.o)
    0x100000e2   0x00000000   Code   RO          882    .ARM.Collect$$libshutdown$$00000003  c_wu.l(libshutdown2.o)
    0x100000e2   0x00000000   Code   RO          885    .ARM.Collect$$libshutdown$$00000006  c_wu.l(libshutdown2.o)
    0x100000e2   0x00000000   Code   RO          888    .ARM.Collect$$libshutdown$$00000009  c_wu.l(libshutdown2.o)
    0x100000e2   0x00000000   Code   RO          890    .ARM.Collect$$libshutdown$$0000000B  c_wu.l(libshutdown2.o)
    0x100000e2   0x00000000   Code   RO          893    .ARM.Collect$$libshutdown$$0000000E  c_wu.l(libshutdown2.o)
    0x100000e2   0x00000002   Code   RO          894    .ARM.Collect$$libshutdown$$0000000F  c_wu.l(libshutdown2.o)
    0x100000e4   0x00000000   Code   RO          735    .ARM.Collect$$rtentry$$00000000  c_wu.l(rtentry.o)
    0x100000e4   0x00000000   Code   RO          741    .ARM.Collect$$rtentry$$00000002  c_wu.l(rtentry2.o)
    0x100000e4   0x00000006   Code   RO          753    .ARM.Collect$$rtentry$$00000004  c_wu.l(rtentry4.o)
    0x100000ea   0x00000000   Code   RO          743    .ARM.Collect$$rtentry$$00000009  c_wu.l(rtentry2.o)
    0x100000ea   0x00000004   Code   RO          744    .ARM.Collect$$rtentry$$0000000A  c_wu.l(rtentry2.o)
    0x100000ee   0x00000000   Code   RO          746    .ARM.Collect$$rtentry$$0000000C  c_wu.l(rtentry2.o)
    0x100000ee   0x00000008   Code   RO          747    .ARM.Collect$$rtentry$$0000000D  c_wu.l(rtentry2.o)
    0x100000f6   0x00000002   Code   RO          774    .ARM.Collect$$rtexit$$00000000  c_wu.l(rtexit.o)
    0x100000f8   0x00000000   Code   RO          828    .ARM.Collect$$rtexit$$00000002  c_wu.l(rtexit2.o)
    0x100000f8   0x00000004   Code   RO          829    .ARM.Collect$$rtexit$$00000003  c_wu.l(rtexit2.o)
    0x100000fc   0x00000006   Code   RO          830    .ARM.Collect$$rtexit$$00000004  c_wu.l(rtexit2.o)
    0x10000102   0x00000002   PAD
    0x10000104   0x0000041c   Code   RO            1    .text               main.o
    0x10000520   0x00000034   Code   RO          101    .text               private.o
    0x10000554   0x00000058   Code   RO          118    .text               startup_max3255x.o
    0x100005ac   0x0000067c   Code   RO          125    .text               printf_lite.o
    0x10000c28   0x00000128   Code   RO          183    .text               mml_gcr.o
    0x10000d50   0x00000648   Code   RO          195    .text               mml_gpio.o
    0x10001398   0x000000dc   Code   RO          237    .text               mml_intc.o
    0x10001474   0x000006ac   Code   RO          428    .text               mml_uart.o
    0x10001b20   0x00000838   Code   RO          461    .text               atr.o
    0x10002358   0x0000047e   Code   RO          499    .text               iccabstract.o
    0x100027d6   0x00000002   PAD
    0x100027d8   0x00000208   Code   RO          543    .text               oswrapper.o
    0x100029e0   0x000009bc   Code   RO          588    .text               protocolt0.o
    0x1000339c   0x0000097a   Code   RO          614    .text               protocolt1.o
    0x10003d16   0x00000540   Code   RO          626    .text               protocolt1_blockmgt.o
    0x10004256   0x00000002   PAD
    0x10004258   0x0000027c   Code   RO          638    .text               pts.o
    0x100044d4   0x000003b0   Code   RO          661    .text               smartcard_api.o
    0x10004884   0x000006fc   Code   RO          678    .text               max3255x_afe.o
    0x10004f80   0x00000d94   Code   RO          695    .text               max325xx_uart.o
    0x10005d14   0x000000ee   Code   RO          719    .text               c_wu.l(lludivv7m.o)
    0x10005e02   0x0000008a   Code   RO          721    .text               c_wu.l(rt_memcpy_v6.o)
    0x10005e8c   0x00000064   Code   RO          723    .text               c_wu.l(rt_memcpy_w.o)
    0x10005ef0   0x00000044   Code   RO          727    .text               c_wu.l(rt_memclr.o)
    0x10005f34   0x0000004e   Code   RO          729    .text               c_wu.l(rt_memclr_w.o)
    0x10005f82   0x00000006   Code   RO          731    .text               c_wu.l(heapauxi.o)
    0x10005f88   0x0000004a   Code   RO          757    .text               c_wu.l(sys_stackheap_outer.o)
    0x10005fd2   0x0000000c   Code   RO          759    .text               c_wu.l(exit.o)
    0x10005fde   0x00000002   PAD
    0x10005fe0   0x00000008   Code   RO          771    .text               c_wu.l(libspace.o)
    0x10005fe8   0x0000000c   Code   RO          825    .text               c_wu.l(sys_exit.o)
    0x10005ff4   0x00000002   Code   RO          844    .text               c_wu.l(use_no_semi.o)
    0x10005ff6   0x00000000   Code   RO          846    .text               c_wu.l(indicate_semi.o)
    0x10005ff6   0x0000000c   Code   RO          511    i.IccSlotGetConfiguration  iccabstract.o
    0x10006002   0x00000014   Data   RO            3    .constdata          main.o
    0x10006016   0x00000002   PAD
    0x10006018   0x00000008   Data   RO          117    .constdata          startup_max3255x.o
    0x10006020   0x00000046   Data   RO          462    .constdata          atr.o
    0x10006066   0x00000002   PAD
    0x10006068   0x00000054   Data   RO          500    .constdata          iccabstract.o
    0x100060bc   0x00000005   Data   RO          589    .constdata          protocolt0.o
    0x100060c1   0x00000003   PAD
    0x100060c4   0x00000010   Data   RO          679    .constdata          max3255x_afe.o
    0x100060d4   0x00000028   Data   RO          697    .constdata          max325xx_uart.o
    0x100060fc   0x00000020   Data   RO          895    Region$$Table       anon$$obj.o


    Execution Region RW_IRAM1 (Base: 0x20000000, Size: 0x00014b80, Max: 0x00040000, ABSOLUTE, COMPRESSED[0x0000003c])

    Base Addr    Size         Type   Attr      Idx    E Section Name        Object

    0x20000000   0x0000001c   Data   RW          196    .bss                mml_gpio.o
    0x2000001c   0x0000004c   Data   RW          429    .bss                mml_uart.o
    0x20000068   0x00000006   Data   RW            4    .data               main.o
    0x2000006e   0x00000092   PAD
    0x20000100   0x00000100   Data   RW          116    .data               startup_max3255x.o
    0x20000200   0x0000001c   Data   RW          545    .data               oswrapper.o
    0x2000021c   0x00000005   Data   RW          590    .data               protocolt0.o
    0x20000221   0x00000003   PAD
    0x20000224   0x00000402   Zero   RW            2    .bss                main.o
    0x20000626   0x00000002   PAD
    0x20000628   0x000000b8   Zero   RW          544    .bss                oswrapper.o
    0x200006e0   0x00000420   Zero   RW          662    .bss                smartcard_api.o
    0x20000b00   0x0000001c   Zero   RW          696    .bss                max325xx_uart.o
    0x20000b1c   0x00000060   Zero   RW          772    .bss                c_wu.l(libspace.o)
    0x20000b7c   0x00000004   PAD
    0x20000b80   0x00010000   Zero   RW          114    HEAP                startup_max3255x.o
    0x20010b80   0x00004000   Zero   RW          113    STACK               startup_max3255x.o


==============================================================================

Image component sizes


      Code (inc. data)   RO Data    RW Data    ZI Data      Debug   Object Name

      2104         14         70          0          0      10808   atr.o
      1162         10         84          0          0      11583   iccabstract.o
      1052        440         20          6       1026      46845   main.o
      1788         10         16          0          0       4846   max3255x_afe.o
      3476         32         40          0         28       8529   max325xx_uart.o
         0          0          0          0          0      16720   mml_dma.o
       296         12          0          0          0       3237   mml_gcr.o
      1608         44          0         28          0      16554   mml_gpio.o
       220         10          0          0          0       6361   mml_intc.o
         0          0          0          0          0       3664   mml_skbd.o
      1708         64          0         76          0      21240   mml_uart.o
       520         16          0         28        184      12707   oswrapper.o
      1660        122          0          0          0       5411   printf_lite.o
        52          6          0          0          0        524   private.o
      2492         14          5          5          0      10742   protocolt0.o
      2426         26          0          0          0       3821   protocolt1.o
      1344          0          0          0          0       4360   protocolt1_blockmgt.o
       636         18          0          0          0       5361   pts.o
       944         40          0          0       1056       4096   smartcard_api.o
        96         42          8        256      81920       1116   startup_max3255x.o

    ----------------------------------------------------------------------
     23588        920        282        548      84216     198525   Object Totals
         0          0         32          0          0          0   (incl. Generated)
         4          0          7        149          2          0   (incl. Padding)

    ----------------------------------------------------------------------

      Code (inc. data)   RO Data    RW Data    ZI Data      Debug   Library Member Name

        90          0          0          0          0          0   __dczerorl2.o
         8          0          0          0          0         68   __main.o
        52          8          0          0          0          0   __scatter.o
        28          0          0          0          0          0   __scatter_zi.o
        12          0          0          0          0         72   exit.o
         6          0          0          0          0        152   heapauxi.o
         0          0          0          0          0          0   indicate_semi.o
         2          0          0          0          0          0   libinit.o
         2          0          0          0          0          0   libinit2.o
         2          0          0          0          0          0   libshutdown.o
         2          0          0          0          0          0   libshutdown2.o
         8          4          0          0         96         68   libspace.o
       238          0          0          0          0        100   lludivv7m.o
        68          0          0          0          0         68   rt_memclr.o
        78          0          0          0          0         80   rt_memclr_w.o
       138          0          0          0          0         68   rt_memcpy_v6.o
       100          0          0          0          0         80   rt_memcpy_w.o
         0          0          0          0          0          0   rtentry.o
        12          0          0          0          0          0   rtentry2.o
         6          0          0          0          0          0   rtentry4.o
         2          0          0          0          0          0   rtexit.o
        10          0          0          0          0          0   rtexit2.o
        12          4          0          0          0         68   sys_exit.o
        74          0          0          0          0         80   sys_stackheap_outer.o
         2          0          0          0          0         68   use_no_semi.o

    ----------------------------------------------------------------------
       958         16          0          0        100        972   Library Totals
         6          0          0          0          4          0   (incl. Padding)

    ----------------------------------------------------------------------

      Code (inc. data)   RO Data    RW Data    ZI Data      Debug   Library Name

       952         16          0          0         96        972   c_wu.l

    ----------------------------------------------------------------------
       958         16          0          0        100        972   Library Totals

    ----------------------------------------------------------------------

==============================================================================


      Code (inc. data)   RO Data    RW Data    ZI Data      Debug   

     24546        936        282        548      84316     197625   Grand Totals
     24546        936        282         60      84316     197625   ELF Image Totals (compressed)
     24546        936        282         60          0          0   ROM Totals

==============================================================================

    Total RO  Size (Code + RO Data)                24828 (  24.25kB)
    Total RW  Size (RW Data + ZI Data)             84864 (  82.88kB)
    Total ROM Size (Code + RO Data + RW Data)      24888 (  24.30kB)

==============================================================================

